2025-12-16 21:07:04 - INFO - Created experiment checkpoint directory: /data/jiahao/openpi/checkpoints/pi05_csgo_exp10/pi05_csgo_exp10 - (157518:train_csgo.py:528)
2025-12-16 21:07:07 - INFO - Using batch size per GPU: 64 (total batch size across 1 GPUs: 64) - (157518:train_csgo.py:542)
2025-12-16 21:07:07 - INFO - Norm stats not found in /home/jiahao/task/openpi/assets/pi05_csgo_exp10/csgosquare/de_dust2, skipping. - (157518:config.py:204)
2025-12-16 21:07:07 - INFO - data_config: DataConfig(is_csgo=True, csgo_config={'debug': False, 'data_dir': 'data/preprocessed_data', 'train_maps': ['de_dust2'], 'val_maps': ['de_dust2'], 'test_maps': ['de_dust2'], 'debug_num_train_data': 200, 'debug_num_val_data': 200, 'map_size': [224, 224], 'fps_size': [224, 224], 'is_dataset_aug': False, 'is_fps_dropout': True, 'is_fps_aug': False, 'erasing_p': 0.6}, repo_id='csgosquare/de_dust2', asset_id='csgosquare/de_dust2', norm_stats=None, repack_transforms=Group(inputs=[RepackTransform(structure={'observation/image': 'image', 'observation/wrist_image': 'wrist_image', 'observation/state': 'state', 'map_id': 'map_id', 'actions': 'actions', 'prompt': 'prompt'})], outputs=()), data_transforms=Group(inputs=[CsgoInputs(model_type=<ModelType.PI05: 'pi05'>)], outputs=[CsgoOutputs()]), model_transforms=Group(inputs=[InjectDefaultPrompt(prompt=None), ResizeImages(height=224, width=224), TokenizePrompt(tokenizer=<openpi.models.tokenizer.PaligemmaTokenizer object at 0x729828507910>, discrete_state_input=False), PadStatesAndActions(model_action_dim=32)], outputs=()), use_quantile_norm=True, action_sequence_keys=('actions',), prompt_from_task=True, rlds_data_dir=None, action_space=None, filter_dict_path=None) - (157518:data_loader.py:305)
2025-12-16 21:07:07 - INFO - local dataset: 200 - (157518:data_loader.py:405)
2025-12-16 21:07:07 - INFO - local_batch_size: 64 - (157518:data_loader.py:406)
2025-12-16 21:07:07 - INFO - Unable to initialize backend 'rocm': module 'jaxlib.xla_extension' has no attribute 'GpuAllocatorConfig' - (157518:xla_bridge.py:925)
2025-12-16 21:07:07 - INFO - Unable to initialize backend 'tpu': INTERNAL: Failed to open libtpu.so: libtpu.so: cannot open shared object file: No such file or directory - (157518:xla_bridge.py:925)
2025-12-16 21:07:07 - INFO - local dataloader: 3 - (157518:data_loader.py:418)
2025-12-16 21:07:34 - INFO - 
batch_sample: [<class 'openpi.models.model.Observation'>, <class 'torch.Tensor'>] - (157518:train_csgo.py:550)
2025-12-16 21:07:34 - INFO - batch_sample[0].to_dict().keys() = dict_keys(['map_ids', 'state', 'tokenized_prompt', 'tokenized_prompt_mask', 'token_ar_mask', 'token_loss_mask', 'image', 'image_mask']) - (157518:train_csgo.py:551)
2025-12-16 21:07:34 - INFO - batch_sample[1].shape = torch.Size([64, 1, 32]) - (157518:train_csgo.py:552)
2025-12-16 21:07:34 - INFO - 
 - (157518:train_csgo.py:553)
2025-12-16 21:07:35 - INFO - Norm stats not found in /home/jiahao/task/openpi/assets/pi05_csgo_exp10/csgosquare/de_dust2, skipping. - (157518:config.py:204)
2025-12-16 21:07:35 - INFO - data_config: DataConfig(is_csgo=True, csgo_config={'debug': False, 'data_dir': 'data/preprocessed_data', 'train_maps': ['de_dust2'], 'val_maps': ['de_dust2'], 'test_maps': ['de_dust2'], 'debug_num_train_data': 200, 'debug_num_val_data': 200, 'map_size': [224, 224], 'fps_size': [224, 224], 'is_dataset_aug': False, 'is_fps_dropout': True, 'is_fps_aug': False, 'erasing_p': 0.6}, repo_id='csgosquare/de_dust2', asset_id='csgosquare/de_dust2', norm_stats=None, repack_transforms=Group(inputs=[RepackTransform(structure={'observation/image': 'image', 'observation/wrist_image': 'wrist_image', 'observation/state': 'state', 'map_id': 'map_id', 'actions': 'actions', 'prompt': 'prompt'})], outputs=()), data_transforms=Group(inputs=[CsgoInputs(model_type=<ModelType.PI05: 'pi05'>)], outputs=[CsgoOutputs()]), model_transforms=Group(inputs=[InjectDefaultPrompt(prompt=None), ResizeImages(height=224, width=224), TokenizePrompt(tokenizer=<openpi.models.tokenizer.PaligemmaTokenizer object at 0x7295e3359990>, discrete_state_input=False), PadStatesAndActions(model_action_dim=32)], outputs=()), use_quantile_norm=True, action_sequence_keys=('actions',), prompt_from_task=True, rlds_data_dir=None, action_space=None, filter_dict_path=None) - (157518:data_loader.py:305)
2025-12-16 21:07:35 - INFO - local dataset: 200 - (157518:data_loader.py:405)
2025-12-16 21:07:35 - INFO - local_batch_size: 64 - (157518:data_loader.py:406)
2025-12-16 21:07:35 - INFO - local dataloader: 3 - (157518:data_loader.py:418)
2025-12-16 21:08:08 - INFO - Cleared sample batch and data loader from memory - (157518:train_csgo.py:593)
