2025-12-17 12:36:22 - INFO - Created experiment checkpoint directory: /data/jiahao/openpi/checkpoints/pi05_csgo_exp10_1/pi05_csgo_exp10_1 - (332103:train_csgo.py:618)
2025-12-17 12:36:25 - INFO - Using batch size per GPU: 128 (total batch size across 1 GPUs: 128) - (332103:train_csgo.py:632)
2025-12-17 12:36:25 - INFO - Norm stats not found in /home/jiahao/task/openpi/assets/pi05_csgo_exp10_1/csgosquare/de_dust2, skipping. - (332103:config.py:204)
2025-12-17 12:36:25 - INFO - data_config: DataConfig(is_csgo=True, csgo_config={'debug': False, 'data_dir': 'data/preprocessed_data', 'train_maps': ['de_dust2'], 'val_maps': ['de_dust2'], 'test_maps': ['de_dust2'], 'map_size': [224, 224], 'fps_size': [224, 224], 'is_dataset_aug': False, 'is_fps_dropout': True, 'is_fps_aug': False, 'erasing_p': 0.6}, repo_id='csgosquare/de_dust2', asset_id='csgosquare/de_dust2', norm_stats=None, repack_transforms=Group(inputs=[RepackTransform(structure={'observation/image': 'image', 'observation/wrist_image': 'wrist_image', 'observation/state': 'state', 'map_id': 'map_id', 'actions': 'actions', 'prompt': 'prompt'})], outputs=()), data_transforms=Group(inputs=[CsgoInputs(model_type=<ModelType.PI05: 'pi05'>)], outputs=[CsgoOutputs()]), model_transforms=Group(inputs=[InjectDefaultPrompt(prompt=None), ResizeImages(height=224, width=224), TokenizePrompt(tokenizer=<openpi.models.tokenizer.PaligemmaTokenizer object at 0x784ff898b990>, discrete_state_input=False), PadStatesAndActions(model_action_dim=32)], outputs=()), use_quantile_norm=True, action_sequence_keys=('actions',), prompt_from_task=True, rlds_data_dir=None, action_space=None, filter_dict_path=None) - (332103:data_loader.py:305)
2025-12-17 12:36:25 - INFO - local dataset: 20000 - (332103:data_loader.py:405)
2025-12-17 12:36:25 - INFO - local_batch_size: 128 - (332103:data_loader.py:406)
2025-12-17 12:36:25 - INFO - Unable to initialize backend 'rocm': module 'jaxlib.xla_extension' has no attribute 'GpuAllocatorConfig' - (332103:xla_bridge.py:925)
2025-12-17 12:36:25 - INFO - Unable to initialize backend 'tpu': INTERNAL: Failed to open libtpu.so: libtpu.so: cannot open shared object file: No such file or directory - (332103:xla_bridge.py:925)
2025-12-17 12:36:25 - INFO - local dataloader: 156 - (332103:data_loader.py:418)
2025-12-17 12:37:00 - INFO - 
batch_sample: [<class 'openpi.models.model.Observation'>, <class 'torch.Tensor'>] - (332103:train_csgo.py:640)
2025-12-17 12:37:00 - INFO - batch_sample[0].to_dict().keys() = dict_keys(['map_ids', 'state', 'tokenized_prompt', 'tokenized_prompt_mask', 'token_ar_mask', 'token_loss_mask', 'image', 'image_mask']) - (332103:train_csgo.py:641)
2025-12-17 12:37:00 - INFO - batch_sample[1].shape = torch.Size([128, 1, 32]) - (332103:train_csgo.py:642)
2025-12-17 12:37:00 - INFO - 
 - (332103:train_csgo.py:643)
2025-12-17 12:37:01 - INFO - Norm stats not found in /home/jiahao/task/openpi/assets/pi05_csgo_exp10_1/csgosquare/de_dust2, skipping. - (332103:config.py:204)
2025-12-17 12:37:01 - INFO - data_config: DataConfig(is_csgo=True, csgo_config={'debug': False, 'data_dir': 'data/preprocessed_data', 'train_maps': ['de_dust2'], 'val_maps': ['de_dust2'], 'test_maps': ['de_dust2'], 'map_size': [224, 224], 'fps_size': [224, 224], 'is_dataset_aug': False, 'is_fps_dropout': True, 'is_fps_aug': False, 'erasing_p': 0.6}, repo_id='csgosquare/de_dust2', asset_id='csgosquare/de_dust2', norm_stats=None, repack_transforms=Group(inputs=[RepackTransform(structure={'observation/image': 'image', 'observation/wrist_image': 'wrist_image', 'observation/state': 'state', 'map_id': 'map_id', 'actions': 'actions', 'prompt': 'prompt'})], outputs=()), data_transforms=Group(inputs=[CsgoInputs(model_type=<ModelType.PI05: 'pi05'>)], outputs=[CsgoOutputs()]), model_transforms=Group(inputs=[InjectDefaultPrompt(prompt=None), ResizeImages(height=224, width=224), TokenizePrompt(tokenizer=<openpi.models.tokenizer.PaligemmaTokenizer object at 0x784dc1464890>, discrete_state_input=False), PadStatesAndActions(model_action_dim=32)], outputs=()), use_quantile_norm=True, action_sequence_keys=('actions',), prompt_from_task=True, rlds_data_dir=None, action_space=None, filter_dict_path=None) - (332103:data_loader.py:305)
2025-12-17 12:37:01 - INFO - local dataset: 20000 - (332103:data_loader.py:405)
2025-12-17 12:37:01 - INFO - local_batch_size: 128 - (332103:data_loader.py:406)
2025-12-17 12:37:01 - INFO - local dataloader: 156 - (332103:data_loader.py:418)
2025-12-17 12:37:46 - INFO - Cleared sample batch and data loader from memory - (332103:train_csgo.py:683)
2025-12-17 12:38:45 - INFO - Enabled gradient checkpointing for PI0Pytorch model - (332103:pi0_pytorch.py:301)
2025-12-17 12:38:45 - INFO - Enabled gradient checkpointing for memory optimization - (332103:train_csgo.py:707)
2025-12-17 12:38:45 - INFO - Step 0 (after_model_creation): GPU memory - allocated: 7.52GB, reserved: 7.56GB, free: 0.04GB, peak_allocated: 7.52GB, peak_reserved: 7.56GB - (332103:train_csgo.py:354)
2025-12-17 12:38:45 - INFO - Loading weights from: /home/jiahao/.cache/openpi/openpi-assets/checkpoints/pi05_base - (332103:train_csgo.py:736)
2025-12-17 12:38:47 - INFO - Loaded PyTorch weights from /home/jiahao/.cache/openpi/openpi-assets/checkpoints/pi05_base - (332103:train_csgo.py:745)
